---
source: homotopy-core/tests/contraction.rs
assertion_line: 172
expression: "inverse_then_e.identity().contract(Boundary::Target.into(), &[], 0, None,\n            &sig).unwrap().target()"
---
DiagramN {
    source: DiagramN {
        source: Diagram0(
            0:0^+,
        ),
        cospans: [
            Cospan {
                forward: Rewrite0(
                    0:0^+,
                    1:1^+,
                    Label(
                        Some(
                            (1, BoundaryPath(Source, 0), []),
                        ),
                    ),
                ),
                backward: Rewrite0(
                    0:0^+,
                    1:1^+,
                    Label(
                        Some(
                            (1, BoundaryPath(Target, 0), []),
                        ),
                    ),
                ),
            },
        ],
    },
    cospans: [],
}
