---
source: homotopy-core/tests/diagram.rs
expression: "examples::associator().1.target()"
---
DiagramN {
    source: DiagramN {
        source: Diagram0(
            0:0⁺,
        ),
        cospans: [
            Cospan {
                forward: Rewrite0(
                    0:0⁺,
                    1:1⁺,
                    Label(
                        Some(
                            (1, BoundaryPath(Source, 0), []),
                        ),
                    ),
                ),
                backward: Rewrite0(
                    0:0⁺,
                    1:1⁺,
                    Label(
                        Some(
                            (1, BoundaryPath(Target, 0), []),
                        ),
                    ),
                ),
            },
            Cospan {
                forward: Rewrite0(
                    0:0⁺,
                    1:1⁺,
                    Label(
                        Some(
                            (1, BoundaryPath(Source, 0), []),
                        ),
                    ),
                ),
                backward: Rewrite0(
                    0:0⁺,
                    1:1⁺,
                    Label(
                        Some(
                            (1, BoundaryPath(Target, 0), []),
                        ),
                    ),
                ),
            },
            Cospan {
                forward: Rewrite0(
                    0:0⁺,
                    1:1⁺,
                    Label(
                        Some(
                            (1, BoundaryPath(Source, 0), []),
                        ),
                    ),
                ),
                backward: Rewrite0(
                    0:0⁺,
                    1:1⁺,
                    Label(
                        Some(
                            (1, BoundaryPath(Target, 0), []),
                        ),
                    ),
                ),
            },
        ],
    },
    cospans: [
        Cospan {
            forward: RewriteN {
                dimension: 1,
                cones: [
                    Cone {
                        index: 1,
                        internal: ConeInternal {
                            source: [
                                Cospan {
                                    forward: Rewrite0(
                                        0:0⁺,
                                        1:1⁺,
                                        Label(
                                            Some(
                                                (1, BoundaryPath(Source, 0), []),
                                            ),
                                        ),
                                    ),
                                    backward: Rewrite0(
                                        0:0⁺,
                                        1:1⁺,
                                        Label(
                                            Some(
                                                (1, BoundaryPath(Target, 0), []),
                                            ),
                                        ),
                                    ),
                                },
                                Cospan {
                                    forward: Rewrite0(
                                        0:0⁺,
                                        1:1⁺,
                                        Label(
                                            Some(
                                                (1, BoundaryPath(Source, 0), []),
                                            ),
                                        ),
                                    ),
                                    backward: Rewrite0(
                                        0:0⁺,
                                        1:1⁺,
                                        Label(
                                            Some(
                                                (1, BoundaryPath(Target, 0), []),
                                            ),
                                        ),
                                    ),
                                },
                            ],
                            target: Cospan {
                                forward: Rewrite0(
                                    0:0⁺,
                                    2:2⁺,
                                    Label(
                                        Some(
                                            (2, BoundaryPath(Source, 1), []),
                                        ),
                                    ),
                                ),
                                backward: Rewrite0(
                                    0:0⁺,
                                    2:2⁺,
                                    Label(
                                        Some(
                                            (2, BoundaryPath(Target, 1), []),
                                        ),
                                    ),
                                ),
                            },
                            regular_slices: [
                                Rewrite0(
                                    0:0⁺,
                                    2:2⁺,
                                    Label(
                                        Some(
                                            (2, BoundaryPath(Source, 1), []),
                                        ),
                                    ),
                                ),
                                Rewrite0(
                                    0:0⁺,
                                    2:2⁺,
                                    Label(
                                        Some(
                                            (2, BoundaryPath(Source, 0), [Regular(1)]),
                                        ),
                                    ),
                                ),
                                Rewrite0(
                                    0:0⁺,
                                    2:2⁺,
                                    Label(
                                        Some(
                                            (2, BoundaryPath(Target, 1), []),
                                        ),
                                    ),
                                ),
                            ],
                            singular_slices: [
                                Rewrite0(
                                    1:1⁺,
                                    2:2⁺,
                                    Label(
                                        Some(
                                            (2, BoundaryPath(Source, 0), [Singular(0)]),
                                        ),
                                    ),
                                ),
                                Rewrite0(
                                    1:1⁺,
                                    2:2⁺,
                                    Label(
                                        Some(
                                            (2, BoundaryPath(Source, 0), [Singular(1)]),
                                        ),
                                    ),
                                ),
                            ],
                        },
                    },
                ],
            },
            backward: RewriteN {
                dimension: 1,
                cones: [
                    Cone {
                        index: 1,
                        internal: ConeInternal {
                            source: [
                                Cospan {
                                    forward: Rewrite0(
                                        0:0⁺,
                                        1:1⁺,
                                        Label(
                                            Some(
                                                (1, BoundaryPath(Source, 0), []),
                                            ),
                                        ),
                                    ),
                                    backward: Rewrite0(
                                        0:0⁺,
                                        1:1⁺,
                                        Label(
                                            Some(
                                                (1, BoundaryPath(Target, 0), []),
                                            ),
                                        ),
                                    ),
                                },
                            ],
                            target: Cospan {
                                forward: Rewrite0(
                                    0:0⁺,
                                    2:2⁺,
                                    Label(
                                        Some(
                                            (2, BoundaryPath(Source, 1), []),
                                        ),
                                    ),
                                ),
                                backward: Rewrite0(
                                    0:0⁺,
                                    2:2⁺,
                                    Label(
                                        Some(
                                            (2, BoundaryPath(Target, 1), []),
                                        ),
                                    ),
                                ),
                            },
                            regular_slices: [
                                Rewrite0(
                                    0:0⁺,
                                    2:2⁺,
                                    Label(
                                        Some(
                                            (2, BoundaryPath(Source, 1), []),
                                        ),
                                    ),
                                ),
                                Rewrite0(
                                    0:0⁺,
                                    2:2⁺,
                                    Label(
                                        Some(
                                            (2, BoundaryPath(Target, 1), []),
                                        ),
                                    ),
                                ),
                            ],
                            singular_slices: [
                                Rewrite0(
                                    1:1⁺,
                                    2:2⁺,
                                    Label(
                                        Some(
                                            (2, BoundaryPath(Target, 0), [Singular(0)]),
                                        ),
                                    ),
                                ),
                            ],
                        },
                    },
                ],
            },
        },
        Cospan {
            forward: RewriteN {
                dimension: 1,
                cones: [
                    Cone {
                        index: 0,
                        internal: ConeInternal {
                            source: [
                                Cospan {
                                    forward: Rewrite0(
                                        0:0⁺,
                                        1:1⁺,
                                        Label(
                                            Some(
                                                (1, BoundaryPath(Source, 0), []),
                                            ),
                                        ),
                                    ),
                                    backward: Rewrite0(
                                        0:0⁺,
                                        1:1⁺,
                                        Label(
                                            Some(
                                                (1, BoundaryPath(Target, 0), []),
                                            ),
                                        ),
                                    ),
                                },
                                Cospan {
                                    forward: Rewrite0(
                                        0:0⁺,
                                        1:1⁺,
                                        Label(
                                            Some(
                                                (1, BoundaryPath(Source, 0), []),
                                            ),
                                        ),
                                    ),
                                    backward: Rewrite0(
                                        0:0⁺,
                                        1:1⁺,
                                        Label(
                                            Some(
                                                (1, BoundaryPath(Target, 0), []),
                                            ),
                                        ),
                                    ),
                                },
                            ],
                            target: Cospan {
                                forward: Rewrite0(
                                    0:0⁺,
                                    2:2⁺,
                                    Label(
                                        Some(
                                            (2, BoundaryPath(Source, 1), []),
                                        ),
                                    ),
                                ),
                                backward: Rewrite0(
                                    0:0⁺,
                                    2:2⁺,
                                    Label(
                                        Some(
                                            (2, BoundaryPath(Target, 1), []),
                                        ),
                                    ),
                                ),
                            },
                            regular_slices: [
                                Rewrite0(
                                    0:0⁺,
                                    2:2⁺,
                                    Label(
                                        Some(
                                            (2, BoundaryPath(Source, 1), []),
                                        ),
                                    ),
                                ),
                                Rewrite0(
                                    0:0⁺,
                                    2:2⁺,
                                    Label(
                                        Some(
                                            (2, BoundaryPath(Source, 0), [Regular(1)]),
                                        ),
                                    ),
                                ),
                                Rewrite0(
                                    0:0⁺,
                                    2:2⁺,
                                    Label(
                                        Some(
                                            (2, BoundaryPath(Target, 1), []),
                                        ),
                                    ),
                                ),
                            ],
                            singular_slices: [
                                Rewrite0(
                                    1:1⁺,
                                    2:2⁺,
                                    Label(
                                        Some(
                                            (2, BoundaryPath(Source, 0), [Singular(0)]),
                                        ),
                                    ),
                                ),
                                Rewrite0(
                                    1:1⁺,
                                    2:2⁺,
                                    Label(
                                        Some(
                                            (2, BoundaryPath(Source, 0), [Singular(1)]),
                                        ),
                                    ),
                                ),
                            ],
                        },
                    },
                ],
            },
            backward: RewriteN {
                dimension: 1,
                cones: [
                    Cone {
                        index: 0,
                        internal: ConeInternal {
                            source: [
                                Cospan {
                                    forward: Rewrite0(
                                        0:0⁺,
                                        1:1⁺,
                                        Label(
                                            Some(
                                                (1, BoundaryPath(Source, 0), []),
                                            ),
                                        ),
                                    ),
                                    backward: Rewrite0(
                                        0:0⁺,
                                        1:1⁺,
                                        Label(
                                            Some(
                                                (1, BoundaryPath(Target, 0), []),
                                            ),
                                        ),
                                    ),
                                },
                            ],
                            target: Cospan {
                                forward: Rewrite0(
                                    0:0⁺,
                                    2:2⁺,
                                    Label(
                                        Some(
                                            (2, BoundaryPath(Source, 1), []),
                                        ),
                                    ),
                                ),
                                backward: Rewrite0(
                                    0:0⁺,
                                    2:2⁺,
                                    Label(
                                        Some(
                                            (2, BoundaryPath(Target, 1), []),
                                        ),
                                    ),
                                ),
                            },
                            regular_slices: [
                                Rewrite0(
                                    0:0⁺,
                                    2:2⁺,
                                    Label(
                                        Some(
                                            (2, BoundaryPath(Source, 1), []),
                                        ),
                                    ),
                                ),
                                Rewrite0(
                                    0:0⁺,
                                    2:2⁺,
                                    Label(
                                        Some(
                                            (2, BoundaryPath(Target, 1), []),
                                        ),
                                    ),
                                ),
                            ],
                            singular_slices: [
                                Rewrite0(
                                    1:1⁺,
                                    2:2⁺,
                                    Label(
                                        Some(
                                            (2, BoundaryPath(Target, 0), [Singular(0)]),
                                        ),
                                    ),
                                ),
                            ],
                        },
                    },
                ],
            },
        },
    ],
}
